Processing .\.
  Installing build dependencies: started
  Installing build dependencies: finished with status 'done'
  Getting requirements to build wheel: started
  Getting requirements to build wheel: finished with status 'done'
  Preparing metadata (pyproject.toml): started
  Preparing metadata (pyproject.toml): finished with status 'done'
Collecting build
  Downloading build-1.6.1-py3-none-any.whl.metadata (5.6 kB)
Collecting twine
  Downloading twine-7.0.0-py3-none-any.whl.metadata (3.5 kB)
Collecting pandas>=2.3.0 (from chstockdata==0.4.1)
  Downloading pandas-3.0.6-cp312-cp312-win_amd64.whl.metadata (19 kB)
Collecting numpy>=1.26.0 (from chstockdata==0.4.1)
  Downloading numpy-2.5.3-cp312-cp312-win_amd64.whl.metadata (6.6 kB)
Collecting requests>=2.32.4 (from chstockdata==0.4.1)
  Downloading requests-2.34.2-py3-none-any.whl.metadata (4.8 kB)
Collecting python-dateutil>=2.9.0 (from chstockdata==0.4.1)
  Downloading python_dateutil-2.9.0.post0-py2.py3-none-any.whl.metadata (8.4 kB)
Collecting typing-extensions>=4.14.0 (from chstockdata==0.4.1)
  Downloading typing_extensions-4.16.0-py3-none-any.whl.metadata (3.3 kB)
Collecting lxml>=4.9.0 (from chstockdata==0.4.1)
  Downloading lxml-6.1.3-cp312-cp312-win_amd64.whl.metadata (3.4 kB)
Collecting stockstats>=0.6.5 (from chstockdata==0.4.1)
  Downloading stockstats-0.6.8-py3-none-any.whl.metadata (37 kB)
Collecting mootdx>=0.10.0 (from chstockdata==0.4.1)
  Downloading mootdx-0.11.7-py3-none-any.whl.metadata (4.3 kB)
Collecting pytest>=8.0 (from chstockdata==0.4.1)
  Downloading pytest-9.1.1-py3-none-any.whl.metadata (7.6 kB)
Collecting ruff<0.17,>=0.16.6 (from chstockdata==0.4.1)
  Downloading ruff-0.16.8-py3-none-win_amd64.whl.metadata (21 kB)
Collecting packaging>=24.0 (from build)
  Downloading packaging-26.3-py3-none-any.whl.metadata (3.5 kB)
Collecting pyproject_hooks (from build)
  Downloading pyproject_hooks-1.3.3-py3-none-any.whl.metadata (1.3 kB)
Collecting colorama (from build)
  Downloading colorama-0.4.6-py2.py3-none-any.whl.metadata (17 kB)
Collecting readme-renderer>=35.0 (from twine)
  Downloading readme_renderer-46.0-py3-none-any.whl.metadata (3.0 kB)
Collecting requests-toolbelt!=0.9.0,>=0.8.0 (from twine)
  Downloading requests_toolbelt-1.0.0-py2.py3-none-any.whl.metadata (14 kB)
Collecting urllib3>=1.26.0 (from twine)
  Downloading urllib3-2.8.0-py3-none-any.whl.metadata (7.4 kB)
Collecting keyring>=21.2.0 (from twine)
  Downloading keyring-25.7.0-py3-none-any.whl.metadata (21 kB)
Collecting rfc3986>=1.4.0 (from twine)
  Downloading rfc3986-2.0.0-py2.py3-none-any.whl.metadata (6.6 kB)
Collecting rich>=14.3.3 (from twine)
  Downloading rich-15.0.0-py3-none-any.whl.metadata (18 kB)
Collecting id (from twine)
  Downloading id-1.6.1-py3-none-any.whl.metadata (5.1 kB)
Collecting pywin32-ctypes>=0.2.0 (from keyring>=21.2.0->twine)
  Downloading pywin32_ctypes-0.2.3-py3-none-any.whl.metadata (3.9 kB)
Collecting jaraco.classes (from keyring>=21.2.0->twine)
  Downloading jaraco.classes-3.4.0-py3-none-any.whl.metadata (2.6 kB)
Collecting jaraco.functools (from keyring>=21.2.0->twine)
  Downloading jaraco_functools-4.6.0-py3-none-any.whl.metadata (2.9 kB)
Collecting jaraco.context (from keyring>=21.2.0->twine)
  Downloading jaraco_context-6.1.2-py3-none-any.whl.metadata (4.2 kB)
Collecting click<9.0.0,>=8.1.3 (from mootdx>=0.10.0->chstockdata==0.4.1)
  Downloading click-8.5.0-py3-none-any.whl.metadata (2.6 kB)
Collecting httpx<0.26.0,>=0.25.0 (from mootdx>=0.10.0->chstockdata==0.4.1)
  Downloading httpx-0.25.2-py3-none-any.whl.metadata (6.9 kB)
Collecting prettytable<4.0.0,>=3.5.0 (from mootdx>=0.10.0->chstockdata==0.4.1)
  Downloading prettytable-3.18.0-py3-none-any.whl.metadata (37 kB)
Collecting py-mini-racer<0.7.0,>=0.6.0 (from mootdx>=0.10.0->chstockdata==0.4.1)
  Downloading py_mini_racer-0.6.0-py2.py3-none-win_amd64.whl.metadata (8.7 kB)
Collecting tdxpy<0.3.0,>=0.2.5 (from mootdx>=0.10.0->chstockdata==0.4.1)
  Downloading tdxpy-0.2.7-py3-none-any.whl.metadata (2.2 kB)
Collecting tenacity<9.0.0,>=8.1.0 (from mootdx>=0.10.0->chstockdata==0.4.1)
  Downloading tenacity-8.5.0-py3-none-any.whl.metadata (1.2 kB)
Collecting tqdm (from mootdx>=0.10.0->chstockdata==0.4.1)
  Downloading tqdm-4.70.1-py3-none-any.whl.metadata (57 kB)
Collecting anyio (from httpx<0.26.0,>=0.25.0->mootdx>=0.10.0->chstockdata==0.4.1)
  Downloading anyio-4.15.1-py3-none-any.whl.metadata (4.7 kB)
Collecting certifi (from httpx<0.26.0,>=0.25.0->mootdx>=0.10.0->chstockdata==0.4.1)
  Downloading certifi-2026.7.22-py3-none-any.whl.metadata (2.5 kB)
Collecting httpcore==1.* (from httpx<0.26.0,>=0.25.0->mootdx>=0.10.0->chstockdata==0.4.1)
  Downloading httpcore-1.0.9-py3-none-any.whl.metadata (21 kB)
Collecting idna (from httpx<0.26.0,>=0.25.0->mootdx>=0.10.0->chstockdata==0.4.1)
  Downloading idna-3.20-py3-none-any.whl.metadata (7.2 kB)
Collecting sniffio (from httpx<0.26.0,>=0.25.0->mootdx>=0.10.0->chstockdata==0.4.1)
  Downloading sniffio-1.3.1-py3-none-any.whl.metadata (3.9 kB)
Collecting h11>=0.16 (from httpcore==1.*->httpx<0.26.0,>=0.25.0->mootdx>=0.10.0->chstockdata==0.4.1)
  Downloading h11-0.16.0-py3-none-any.whl.metadata (8.3 kB)
Collecting wcwidth>=0.3.5 (from prettytable<4.0.0,>=3.5.0->mootdx>=0.10.0->chstockdata==0.4.1)
  Downloading wcwidth-0.9.1-cp310-abi3-win_amd64.whl.metadata (24 kB)
Collecting tzdata (from pandas>=2.3.0->chstockdata==0.4.1)
  Downloading tzdata-2026.4-py2.py3-none-any.whl.metadata (1.4 kB)
Collecting iniconfig>=1.0.1 (from pytest>=8.0->chstockdata==0.4.1)
  Downloading iniconfig-2.3.0-py3-none-any.whl.metadata (2.5 kB)
Collecting pluggy<2,>=1.5 (from pytest>=8.0->chstockdata==0.4.1)
  Downloading pluggy-1.6.0-py3-none-any.whl.metadata (4.8 kB)
Collecting pygments>=2.7.2 (from pytest>=8.0->chstockdata==0.4.1)
  Downloading pygments-2.21.0-py3-none-any.whl.metadata (2.5 kB)
Collecting six>=1.5 (from python-dateutil>=2.9.0->chstockdata==0.4.1)
  Downloading six-1.17.0-py2.py3-none-any.whl.metadata (1.7 kB)
Collecting nh3>=0.2.14 (from readme-renderer>=35.0->twine)
  Downloading nh3-0.3.7-cp38-abi3-win_amd64.whl.metadata (2.0 kB)
Collecting docutils>=0.21.2 (from readme-renderer>=35.0->twine)
  Downloading docutils-0.23-py3-none-any.whl.metadata (15 kB)
Collecting charset_normalizer<4,>=2 (from requests>=2.32.4->chstockdata==0.4.1)
  Downloading charset_normalizer-3.5.1-cp312-cp312-win_amd64.whl.metadata (46 kB)
Collecting markdown-it-py>=2.2.0 (from rich>=14.3.3->twine)
  Downloading markdown_it_py-4.2.0-py3-none-any.whl.metadata (7.4 kB)
Collecting mdurl~=0.1 (from markdown-it-py>=2.2.0->rich>=14.3.3->twine)
  Downloading mdurl-0.1.2-py3-none-any.whl.metadata (1.6 kB)
Collecting more-itertools (from jaraco.classes->keyring>=21.2.0->twine)
  Downloading more_itertools-11.1.0-py3-none-any.whl.metadata (41 kB)
Downloading ruff-0.16.8-py3-none-win_amd64.whl (10.6 MB)
   ---------------------------------------- 10.6/10.6 MB 428.5 kB/s  0:00:25
Downloading build-1.6.1-py3-none-any.whl (31 kB)
Downloading twine-7.0.0-py3-none-any.whl (43 kB)
Downloading keyring-25.7.0-py3-none-any.whl (39 kB)
Downloading lxml-6.1.3-cp312-cp312-win_amd64.whl (4.0 MB)
   ---------------------------------------- 4.0/4.0 MB 600.6 kB/s  0:00:06
Downloading mootdx-0.11.7-py3-none-any.whl (108 kB)
Downloading click-8.5.0-py3-none-any.whl (125 kB)
Downloading httpx-0.25.2-py3-none-any.whl (74 kB)
Downloading httpcore-1.0.9-py3-none-any.whl (78 kB)
Downloading prettytable-3.18.0-py3-none-any.whl (37 kB)
Downloading py_mini_racer-0.6.0-py2.py3-none-win_amd64.whl (4.8 MB)
   ---------------------------------------- 4.8/4.8 MB 593.6 kB/s  0:00:08
Downloading tdxpy-0.2.7-py3-none-any.whl (56 kB)
Downloading tenacity-8.5.0-py3-none-any.whl (28 kB)
Downloading typing_extensions-4.16.0-py3-none-any.whl (45 kB)
Downloading h11-0.16.0-py3-none-any.whl (37 kB)
Downloading numpy-2.5.3-cp312-cp312-win_amd64.whl (12.6 MB)
   ---------------------------------------- 12.6/12.6 MB 567.0 kB/s  0:00:22
Downloading packaging-26.3-py3-none-any.whl (129 kB)
Downloading pandas-3.0.6-cp312-cp312-win_amd64.whl (9.7 MB)
   ---------------------------------------- 9.7/9.7 MB 865.5 kB/s  0:00:11
Downloading pytest-9.1.1-py3-none-any.whl (386 kB)
Downloading pluggy-1.6.0-py3-none-any.whl (20 kB)
Downloading colorama-0.4.6-py2.py3-none-any.whl (25 kB)
Downloading iniconfig-2.3.0-py3-none-any.whl (7.5 kB)
Downloading pygments-2.21.0-py3-none-any.whl (1.3 MB)
   ---------------------------------------- 1.3/1.3 MB 1.1 MB/s  0:00:01
Downloading python_dateutil-2.9.0.post0-py2.py3-none-any.whl (229 kB)
Downloading pywin32_ctypes-0.2.3-py3-none-any.whl (30 kB)
Downloading readme_renderer-46.0-py3-none-any.whl (14 kB)
Downloading docutils-0.23-py3-none-any.whl (634 kB)
   ---------------------------------------- 634.7/634.7 kB 496.7 kB/s  0:00:01
Downloading nh3-0.3.7-cp38-abi3-win_amd64.whl (644 kB)
   ---------------------------------------- 644.5/644.5 kB 844.0 kB/s  0:00:00
Downloading requests-2.34.2-py3-none-any.whl (73 kB)
Downloading charset_normalizer-3.5.1-cp312-cp312-win_amd64.whl (200 kB)
Downloading idna-3.20-py3-none-any.whl (69 kB)
Downloading urllib3-2.8.0-py3-none-any.whl (135 kB)
Downloading certifi-2026.7.22-py3-none-any.whl (136 kB)
Downloading requests_toolbelt-1.0.0-py2.py3-none-any.whl (54 kB)
Downloading rfc3986-2.0.0-py2.py3-none-any.whl (31 kB)
Downloading rich-15.0.0-py3-none-any.whl (310 kB)
Downloading markdown_it_py-4.2.0-py3-none-any.whl (91 kB)
Downloading mdurl-0.1.2-py3-none-any.whl (10.0 kB)
Downloading six-1.17.0-py2.py3-none-any.whl (11 kB)
Downloading stockstats-0.6.8-py3-none-any.whl (32 kB)
Downloading wcwidth-0.9.1-cp310-abi3-win_amd64.whl (596 kB)
   ---------------------------------------- 596.7/596.7 kB 765.7 kB/s  0:00:00
Downloading anyio-4.15.1-py3-none-any.whl (132 kB)
Downloading id-1.6.1-py3-none-any.whl (14 kB)
Downloading jaraco.classes-3.4.0-py3-none-any.whl (6.8 kB)
Downloading jaraco_context-6.1.2-py3-none-any.whl (7.9 kB)
Downloading jaraco_functools-4.6.0-py3-none-any.whl (11 kB)
Downloading more_itertools-11.1.0-py3-none-any.whl (72 kB)
Downloading pyproject_hooks-1.3.3-py3-none-any.whl (10 kB)
Downloading sniffio-1.3.1-py3-none-any.whl (10 kB)
Downloading tqdm-4.70.1-py3-none-any.whl (80 kB)
Downloading tzdata-2026.4-py2.py3-none-any.whl (347 kB)
Building wheels for collected packages: chstockdata
  Building wheel for chstockdata (pyproject.toml): started
  Building wheel for chstockdata (pyproject.toml): finished with status 'done'
  Created wheel for chstockdata: filename=chstockdata-0.4.1-py3-none-any.whl size=277952 sha256=5edfebe056195ad63b6e7a99cd7aa97eb29cf5b724999ce104ad475a6842afe9
  Stored in directory: C:\Users\Administrator\AppData\Local\Temp\pip-ephem-wheel-cache-h4e29r6p\wheels\1a\fe\25\0e8fa64362272b1d81b2bbc00a3dd24647c01292fd5ef965d8
Successfully built chstockdata
Installing collected packages: py-mini-racer, wcwidth, urllib3, tzdata, typing-extensions, tenacity, sniffio, six, ruff, rfc3986, pywin32-ctypes, pyproject_hooks, pygments, pluggy, packaging, numpy, nh3, more-itertools, mdurl, lxml, jaraco.context, iniconfig, idna, h11, docutils, colorama, click, charset_normalizer, certifi, tqdm, requests, readme-renderer, python-dateutil, pytest, prettytable, markdown-it-py, jaraco.functools, jaraco.classes, id, httpcore, build, anyio, rich, requests-toolbelt, pandas, keyring, httpx, twine, tdxpy, stockstats, mootdx, chstockdata

Successfully installed anyio-4.15.1 build-1.6.1 certifi-2026.7.22 charset_normalizer-3.5.1 chstockdata-0.4.1 click-8.5.0 colorama-0.4.6 docutils-0.23 h11-0.16.0 httpcore-1.0.9 httpx-0.25.2 id-1.6.1 idna-3.20 iniconfig-2.3.0 jaraco.classes-3.4.0 jaraco.context-6.1.2 jaraco.functools-4.6.0 keyring-25.7.0 lxml-6.1.3 markdown-it-py-4.2.0 mdurl-0.1.2 mootdx-0.11.7 more-itertools-11.1.0 nh3-0.3.7 numpy-2.5.3 packaging-26.3 pandas-3.0.6 pluggy-1.6.0 prettytable-3.18.0 py-mini-racer-0.6.0 pygments-2.21.0 pyproject_hooks-1.3.3 pytest-9.1.1 python-dateutil-2.9.0.post0 pywin32-ctypes-0.2.3 readme-renderer-46.0 requests-2.34.2 requests-toolbelt-1.0.0 rfc3986-2.0.0 rich-15.0.0 ruff-0.16.8 six-1.17.0 sniffio-1.3.1 stockstats-0.6.8 tdxpy-0.2.7 tenacity-8.5.0 tqdm-4.70.1 twine-7.0.0 typing-extensions-4.16.0 tzdata-2026.4 urllib3-2.8.0 wcwidth-0.9.1
