Processing d:\dev\projects\chstockdata\dist\recovery-v0.4.1\chstockdata-0.4.1.tar.gz
  Installing build dependencies: started
  Installing build dependencies: finished with status 'done'
  Getting requirements to build wheel: started
  Getting requirements to build wheel: finished with status 'done'
  Preparing metadata (pyproject.toml): started
  Preparing metadata (pyproject.toml): finished with status 'done'
Collecting pandas>=2.3.0 (from chstockdata==0.4.1)
  Using cached pandas-3.0.6-cp312-cp312-win_amd64.whl.metadata (19 kB)
Collecting numpy>=1.26.0 (from chstockdata==0.4.1)
  Using cached numpy-2.5.3-cp312-cp312-win_amd64.whl.metadata (6.6 kB)
Collecting requests>=2.32.4 (from chstockdata==0.4.1)
  Using cached requests-2.34.2-py3-none-any.whl.metadata (4.8 kB)
Collecting python-dateutil>=2.9.0 (from chstockdata==0.4.1)
  Using cached python_dateutil-2.9.0.post0-py2.py3-none-any.whl.metadata (8.4 kB)
Collecting typing-extensions>=4.14.0 (from chstockdata==0.4.1)
  Using cached typing_extensions-4.16.0-py3-none-any.whl.metadata (3.3 kB)
Collecting lxml>=4.9.0 (from chstockdata==0.4.1)
  Using cached lxml-6.1.3-cp312-cp312-win_amd64.whl.metadata (3.4 kB)
Collecting stockstats>=0.6.5 (from chstockdata==0.4.1)
  Using cached stockstats-0.6.8-py3-none-any.whl.metadata (37 kB)
Collecting tzdata (from pandas>=2.3.0->chstockdata==0.4.1)
  Using cached tzdata-2026.4-py2.py3-none-any.whl.metadata (1.4 kB)
Collecting six>=1.5 (from python-dateutil>=2.9.0->chstockdata==0.4.1)
  Using cached six-1.17.0-py2.py3-none-any.whl.metadata (1.7 kB)
Collecting charset_normalizer<4,>=2 (from requests>=2.32.4->chstockdata==0.4.1)
  Using cached charset_normalizer-3.5.1-cp312-cp312-win_amd64.whl.metadata (46 kB)
Collecting idna<4,>=2.5 (from requests>=2.32.4->chstockdata==0.4.1)
  Using cached idna-3.20-py3-none-any.whl.metadata (7.2 kB)
Collecting urllib3<3,>=1.26 (from requests>=2.32.4->chstockdata==0.4.1)
  Using cached urllib3-2.8.0-py3-none-any.whl.metadata (7.4 kB)
Collecting certifi>=2023.5.7 (from requests>=2.32.4->chstockdata==0.4.1)
  Using cached certifi-2026.7.22-py3-none-any.whl.metadata (2.5 kB)
Using cached lxml-6.1.3-cp312-cp312-win_amd64.whl (4.0 MB)
Using cached numpy-2.5.3-cp312-cp312-win_amd64.whl (12.6 MB)
Using cached pandas-3.0.6-cp312-cp312-win_amd64.whl (9.7 MB)
Using cached python_dateutil-2.9.0.post0-py2.py3-none-any.whl (229 kB)
Using cached requests-2.34.2-py3-none-any.whl (73 kB)
Using cached stockstats-0.6.8-py3-none-any.whl (32 kB)
Using cached typing_extensions-4.16.0-py3-none-any.whl (45 kB)
Using cached certifi-2026.7.22-py3-none-any.whl (136 kB)
Using cached charset_normalizer-3.5.1-cp312-cp312-win_amd64.whl (200 kB)
Using cached idna-3.20-py3-none-any.whl (69 kB)
Using cached six-1.17.0-py2.py3-none-any.whl (11 kB)
Using cached urllib3-2.8.0-py3-none-any.whl (135 kB)
Using cached tzdata-2026.4-py2.py3-none-any.whl (347 kB)
Building wheels for collected packages: chstockdata
  Building wheel for chstockdata (pyproject.toml): started
  Building wheel for chstockdata (pyproject.toml): finished with status 'done'
  Created wheel for chstockdata: filename=chstockdata-0.4.1-py3-none-any.whl size=277952 sha256=dc942924cfa9efc5f2c8424960655acb99bcf94c148dab51d5a66880eb6283ac
  Stored in directory: c:\users\administrator\appdata\local\temp\chstockdata-rh3b3-execution-20260924\pip-cache\wheels\bd\74\4d\0863296a477facd4fed735f570a3d6d481317f1fe408079566
Successfully built chstockdata
Installing collected packages: urllib3, tzdata, typing-extensions, six, numpy, lxml, idna, charset_normalizer, certifi, requests, python-dateutil, pandas, stockstats, chstockdata
Successfully installed certifi-2026.7.22 charset_normalizer-3.5.1 chstockdata-0.4.1 idna-3.20 lxml-6.1.3 numpy-2.5.3 pandas-3.0.6 python-dateutil-2.9.0.post0 requests-2.34.2 six-1.17.0 stockstats-0.6.8 typing-extensions-4.16.0 tzdata-2026.4 urllib3-2.8.0

[notice] A new release of pip is available: 25.0.1 -> 26.2.1
[notice] To update, run: C:\Users\Administrator\AppData\Local\Temp\chstockdata-rh3b3-execution-20260924\sdist-core-py312\Scripts\python.exe -m pip install --upgrade pip
