Processing d:\dev\projects\chstockdata\dist\recovery-v0.4.1\chstockdata-0.4.1-py3-none-any.whl (from chstockdata==0.4.1)
Collecting pandas>=2.3.0 (from chstockdata==0.4.1->chstockdata==0.4.1)
  Using cached pandas-3.0.6-cp312-cp312-win_amd64.whl.metadata (19 kB)
Collecting numpy>=1.26.0 (from chstockdata==0.4.1->chstockdata==0.4.1)
  Using cached numpy-2.5.3-cp312-cp312-win_amd64.whl.metadata (6.6 kB)
Collecting requests>=2.32.4 (from chstockdata==0.4.1->chstockdata==0.4.1)
  Using cached requests-2.34.2-py3-none-any.whl.metadata (4.8 kB)
Collecting python-dateutil>=2.9.0 (from chstockdata==0.4.1->chstockdata==0.4.1)
  Using cached python_dateutil-2.9.0.post0-py2.py3-none-any.whl.metadata (8.4 kB)
Collecting typing-extensions>=4.14.0 (from chstockdata==0.4.1->chstockdata==0.4.1)
  Using cached typing_extensions-4.16.0-py3-none-any.whl.metadata (3.3 kB)
Collecting lxml>=4.9.0 (from chstockdata==0.4.1->chstockdata==0.4.1)
  Using cached lxml-6.1.3-cp312-cp312-win_amd64.whl.metadata (3.4 kB)
Collecting stockstats>=0.6.5 (from chstockdata==0.4.1->chstockdata==0.4.1)
  Using cached stockstats-0.6.8-py3-none-any.whl.metadata (37 kB)
Collecting mootdx>=0.10.0 (from chstockdata==0.4.1->chstockdata==0.4.1)
  Using cached mootdx-0.11.7-py3-none-any.whl.metadata (4.3 kB)
Collecting click<9.0.0,>=8.1.3 (from mootdx>=0.10.0->chstockdata==0.4.1->chstockdata==0.4.1)
  Using cached click-8.5.0-py3-none-any.whl.metadata (2.6 kB)
Collecting httpx<0.26.0,>=0.25.0 (from mootdx>=0.10.0->chstockdata==0.4.1->chstockdata==0.4.1)
  Using cached httpx-0.25.2-py3-none-any.whl.metadata (6.9 kB)
Collecting prettytable<4.0.0,>=3.5.0 (from mootdx>=0.10.0->chstockdata==0.4.1->chstockdata==0.4.1)
  Using cached prettytable-3.18.0-py3-none-any.whl.metadata (37 kB)
Collecting py-mini-racer<0.7.0,>=0.6.0 (from mootdx>=0.10.0->chstockdata==0.4.1->chstockdata==0.4.1)
  Using cached py_mini_racer-0.6.0-py2.py3-none-win_amd64.whl.metadata (8.7 kB)
Collecting tdxpy<0.3.0,>=0.2.5 (from mootdx>=0.10.0->chstockdata==0.4.1->chstockdata==0.4.1)
  Using cached tdxpy-0.2.7-py3-none-any.whl.metadata (2.2 kB)
Collecting tenacity<9.0.0,>=8.1.0 (from mootdx>=0.10.0->chstockdata==0.4.1->chstockdata==0.4.1)
  Using cached tenacity-8.5.0-py3-none-any.whl.metadata (1.2 kB)
Collecting tqdm (from mootdx>=0.10.0->chstockdata==0.4.1->chstockdata==0.4.1)
  Using cached tqdm-4.70.1-py3-none-any.whl.metadata (57 kB)
Collecting tzdata (from pandas>=2.3.0->chstockdata==0.4.1->chstockdata==0.4.1)
  Using cached tzdata-2026.4-py2.py3-none-any.whl.metadata (1.4 kB)
Collecting six>=1.5 (from python-dateutil>=2.9.0->chstockdata==0.4.1->chstockdata==0.4.1)
  Using cached six-1.17.0-py2.py3-none-any.whl.metadata (1.7 kB)
Collecting charset_normalizer<4,>=2 (from requests>=2.32.4->chstockdata==0.4.1->chstockdata==0.4.1)
  Using cached charset_normalizer-3.5.1-cp312-cp312-win_amd64.whl.metadata (46 kB)
Collecting idna<4,>=2.5 (from requests>=2.32.4->chstockdata==0.4.1->chstockdata==0.4.1)
  Using cached idna-3.20-py3-none-any.whl.metadata (7.2 kB)
Collecting urllib3<3,>=1.26 (from requests>=2.32.4->chstockdata==0.4.1->chstockdata==0.4.1)
  Using cached urllib3-2.8.0-py3-none-any.whl.metadata (7.4 kB)
Collecting certifi>=2023.5.7 (from requests>=2.32.4->chstockdata==0.4.1->chstockdata==0.4.1)
  Using cached certifi-2026.7.22-py3-none-any.whl.metadata (2.5 kB)
Collecting anyio (from httpx<0.26.0,>=0.25.0->mootdx>=0.10.0->chstockdata==0.4.1->chstockdata==0.4.1)
  Using cached anyio-4.15.1-py3-none-any.whl.metadata (4.7 kB)
Collecting httpcore==1.* (from httpx<0.26.0,>=0.25.0->mootdx>=0.10.0->chstockdata==0.4.1->chstockdata==0.4.1)
  Using cached httpcore-1.0.9-py3-none-any.whl.metadata (21 kB)
Collecting sniffio (from httpx<0.26.0,>=0.25.0->mootdx>=0.10.0->chstockdata==0.4.1->chstockdata==0.4.1)
  Using cached sniffio-1.3.1-py3-none-any.whl.metadata (3.9 kB)
Collecting h11>=0.16 (from httpcore==1.*->httpx<0.26.0,>=0.25.0->mootdx>=0.10.0->chstockdata==0.4.1->chstockdata==0.4.1)
  Using cached h11-0.16.0-py3-none-any.whl.metadata (8.3 kB)
Collecting wcwidth>=0.3.5 (from prettytable<4.0.0,>=3.5.0->mootdx>=0.10.0->chstockdata==0.4.1->chstockdata==0.4.1)
  Using cached wcwidth-0.9.1-cp310-abi3-win_amd64.whl.metadata (24 kB)
Collecting colorama (from tqdm->mootdx>=0.10.0->chstockdata==0.4.1->chstockdata==0.4.1)
  Using cached colorama-0.4.6-py2.py3-none-any.whl.metadata (17 kB)
Using cached lxml-6.1.3-cp312-cp312-win_amd64.whl (4.0 MB)
Using cached mootdx-0.11.7-py3-none-any.whl (108 kB)
Using cached numpy-2.5.3-cp312-cp312-win_amd64.whl (12.6 MB)
Using cached pandas-3.0.6-cp312-cp312-win_amd64.whl (9.7 MB)
Using cached python_dateutil-2.9.0.post0-py2.py3-none-any.whl (229 kB)
Using cached requests-2.34.2-py3-none-any.whl (73 kB)
Using cached stockstats-0.6.8-py3-none-any.whl (32 kB)
Using cached typing_extensions-4.16.0-py3-none-any.whl (45 kB)
Using cached certifi-2026.7.22-py3-none-any.whl (136 kB)
Using cached charset_normalizer-3.5.1-cp312-cp312-win_amd64.whl (200 kB)
Using cached click-8.5.0-py3-none-any.whl (125 kB)
Using cached httpx-0.25.2-py3-none-any.whl (74 kB)
Using cached httpcore-1.0.9-py3-none-any.whl (78 kB)
Using cached idna-3.20-py3-none-any.whl (69 kB)
Using cached prettytable-3.18.0-py3-none-any.whl (37 kB)
Using cached py_mini_racer-0.6.0-py2.py3-none-win_amd64.whl (4.8 MB)
Using cached six-1.17.0-py2.py3-none-any.whl (11 kB)
Using cached tdxpy-0.2.7-py3-none-any.whl (56 kB)
Using cached tenacity-8.5.0-py3-none-any.whl (28 kB)
Using cached urllib3-2.8.0-py3-none-any.whl (135 kB)
Using cached tqdm-4.70.1-py3-none-any.whl (80 kB)
Using cached tzdata-2026.4-py2.py3-none-any.whl (347 kB)
Using cached wcwidth-0.9.1-cp310-abi3-win_amd64.whl (596 kB)
Using cached anyio-4.15.1-py3-none-any.whl (132 kB)
Using cached colorama-0.4.6-py2.py3-none-any.whl (25 kB)
Using cached sniffio-1.3.1-py3-none-any.whl (10 kB)
Using cached h11-0.16.0-py3-none-any.whl (37 kB)
Installing collected packages: py-mini-racer, wcwidth, urllib3, tzdata, typing-extensions, tenacity, sniffio, six, numpy, lxml, idna, h11, colorama, click, charset_normalizer, certifi, tqdm, requests, python-dateutil, prettytable, httpcore, anyio, pandas, httpx, tdxpy, stockstats, mootdx, chstockdata
Successfully installed anyio-4.15.1 certifi-2026.7.22 charset_normalizer-3.5.1 chstockdata-0.4.1 click-8.5.0 colorama-0.4.6 h11-0.16.0 httpcore-1.0.9 httpx-0.25.2 idna-3.20 lxml-6.1.3 mootdx-0.11.7 numpy-2.5.3 pandas-3.0.6 prettytable-3.18.0 py-mini-racer-0.6.0 python-dateutil-2.9.0.post0 requests-2.34.2 six-1.17.0 sniffio-1.3.1 stockstats-0.6.8 tdxpy-0.2.7 tenacity-8.5.0 tqdm-4.70.1 typing-extensions-4.16.0 tzdata-2026.4 urllib3-2.8.0 wcwidth-0.9.1

[notice] A new release of pip is available: 25.0.1 -> 26.2.1
[notice] To update, run: C:\Users\Administrator\AppData\Local\Temp\chstockdata-rh3b3-execution-20260924\wheel-mootdx-py312\Scripts\python.exe -m pip install --upgrade pip
