RUN_STARTED_LOCAL=2026-09-24T17:09:03+08:00
EXECUTION_HOST=iZ2vcbqq1ihjl552ag0zrrZ
PYTHON_VERSION=3.12.14
PROXY_ENV_CONFIGURED=False
PROXY_USE=curl forced bypass; requests.Session(trust_env=False)
ENDPOINT=https://datacenter-web.eastmoney.com/api/data/v1/get
PARAM_reportName=RPT_CUSTOM_SUSPEND_DATA_INTERFACE
PARAM_columns=ALL
PARAM_filter=(MARKET="全部")(DATETIME='2026-09-11')
PARAM_pageSize=500
PARAM_pageNumber=1
PARAM_sortColumns=SUSPEND_START_DATE
PARAM_sortTypes=-1
PARAM_source=WEB
PARAM_client=WEB
DNS_RESULT=PASS
DNS_IPV4_ADDRESSES=119.0.101.192,119.0.101.193,119.0.101.194,119.0.101.195,119.0.101.196,119.0.101.197,119.0.101.198,119.0.101.199
TCP_443_RESULT=PASS
TCP_443_ADDRESS=119.0.101.192:443
TCP_443_ELAPSED_MS=13.7
TLS_RESULT=PASS
TLS_CERTIFICATE_VERIFICATION=PASS
TLS_VERSION=TLSv1.3
TLS_ELAPSED_MS=31.6
CURL_ARGV=["curl", "--noproxy", "*", "--silent", "--show-error", "--max-time", "30", "--get", "https://datacenter-web.eastmoney.com/api/data/v1/get", "--data-urlencode", "reportName=RPT_CUSTOM_SUSPEND_DATA_INTERFACE", "--data-urlencode", "columns=ALL", "--data-urlencode", "filter=(MARKET=\"全部\")(DATETIME='2026-09-11')", "--data-urlencode", "pageSize=500", "--data-urlencode", "pageNumber=1", "--data-urlencode", "sortColumns=SUSPEND_START_DATE", "--data-urlencode", "sortTypes=-1", "--data-urlencode", "source=WEB", "--data-urlencode", "client=WEB", "--output", "/tmp/chstockdata-rh3b4-20260924/network/curl-page-1.json", "--write-out", "HTTP_STATUS=%{http_code}\\n"]
CURL_REQUEST_STARTED_LOCAL=2026-09-24T17:09:03+08:00
CURL_EXIT_CODE=0
CURL_STDOUT=HTTP_STATUS=200
CURL_STDERR=
CURL_RESPONSE_RECEIVED_LOCAL=2026-09-24T17:09:03+08:00
CURL_JSON_VALID=True
CURL_PAGES=1
CURL_COUNT=30
CURL_PAGE_ROWS=30
CURL_RESULT=PASS
REQUESTS_PAGE_1_STARTED_LOCAL=2026-09-24T17:09:03+08:00
REQUESTS_PAGE_1_HTTP_STATUS=200
REQUESTS_PAGE_1_RECEIVED_LOCAL=2026-09-24T17:09:04+08:00
REQUESTS_PAGE_1_JSON_VALID=True
REQUESTS_PAGE_1_PAGES=1
REQUESTS_PAGE_1_COUNT=30
REQUESTS_PAGE_1_PAGE_ROWS=30
REQUESTS_PAGE_1_RESULT=PASS
REQUESTS_PAGES_FETCHED=1
REQUESTS_PAGES_EXPECTED=1
SNAPSHOT_DECLARED_COUNT=30
SNAPSHOT_ACTUAL_DATA_ROWS=30
SNAPSHOT_PAGE_ROWS=[30]
SNAPSHOT_COMPLETENESS=PASS
RUN_FINISHED_LOCAL=2026-09-24T17:09:04+08:00
PREFLIGHT_EXIT_CODE=0
